// Vitest Snapshot v1, https://vitest.dev/guide/snapshot.html

exports[`Button Component > matches snapshot 1`] = `
<DocumentFragment>
  <button
    variant="contained"
  >
    Snapshot Button
  </button>
</DocumentFragment>
`;
